355795. Apple Something
337629. Apple best
852069. Apple is Banana best
958936. Banana Apple the
423778. Banana Banana Cherry Something Banana Something
353740. Banana Banana best Cherry is Banana best best
858830. Banana the best Banana Something Apple
335583. Cherry Apple is
189992. Cherry best
682673. Something best Something best
564947. best the Cherry is Cherry Apple Something Apple the
223399. is the Cherry best Apple Apple is
416924. the Apple Cherry Cherry
52685. the best
