337629. Apple best
852069. Apple is Banana best
355795. Apple Something
958936. Banana Apple the
353740. Banana Banana best Cherry is Banana best best
423778. Banana Banana Cherry Something Banana Something
858830. Banana the best Banana Something Apple
564947. best the Cherry is Cherry Apple Something Apple the
