423778. Banana Banana Cherry Something Banana Something
335583. Cherry Apple is
223399. is the Cherry best Apple Apple is
52685. the best
