1. Apple
415. Apple
2. Banana is yellow
32. Cherry is the best
30432. Something something something
